EN halfadder NULL C:/Users/bakialmaci/Desktop/bakialmaci/SCHOOL/DigitalSystems/Laboratory/experiment2/experiment2/halfAdder.vhd sub00/vhpl00 1574244694
EN fulladder NULL C:/Users/bakialmaci/Desktop/bakialmaci/SCHOOL/DigitalSystems/Laboratory/experiment2/experiment2/fullAdder.vhd sub00/vhpl02 1574244696
EN multiplier3bit NULL C:/Users/bakialmaci/Desktop/bakialmaci/SCHOOL/DigitalSystems/Laboratory/experiment2/experiment2/multiplier3Bit.vhd sub00/vhpl06 1574244698
EN threebitaddersubtractor NULL C:/Users/bakialmaci/Desktop/bakialmaci/SCHOOL/DigitalSystems/Laboratory/experiment2/experiment2/ThreeBitAdderSubtractor.vhd sub00/vhpl04 1574200600
AR multiplier3bit behavioral C:/Users/bakialmaci/Desktop/bakialmaci/SCHOOL/DigitalSystems/Laboratory/experiment2/experiment2/multiplier3Bit.vhd sub00/vhpl07 1574244699
AR threebitaddersubtractor behavioral C:/Users/bakialmaci/Desktop/bakialmaci/SCHOOL/DigitalSystems/Laboratory/experiment2/experiment2/ThreeBitAdderSubtractor.vhd sub00/vhpl05 1574200601
AR fulladder behavioral C:/Users/bakialmaci/Desktop/bakialmaci/SCHOOL/DigitalSystems/Laboratory/experiment2/experiment2/fullAdder.vhd sub00/vhpl03 1574244697
AR halfadder behavioral C:/Users/bakialmaci/Desktop/bakialmaci/SCHOOL/DigitalSystems/Laboratory/experiment2/experiment2/halfAdder.vhd sub00/vhpl01 1574244695
