V3 16
FL C:/Users/bakialmaci/Desktop/bakialmaci/SCHOOL/DigitalSystems/Laboratory/experiment2/experiment2/fullAdder.vhd 2019/11/19.19:41:43 P.20131013
EN work/fullAdder 1574244696 \
      FL C:/Users/bakialmaci/Desktop/bakialmaci/SCHOOL/DigitalSystems/Laboratory/experiment2/experiment2/fullAdder.vhd \
      PB ieee/std_logic_1164 1381692176
AR work/fullAdder/Behavioral 1574244697 \
      FL C:/Users/bakialmaci/Desktop/bakialmaci/SCHOOL/DigitalSystems/Laboratory/experiment2/experiment2/fullAdder.vhd \
      EN work/fullAdder 1574244696 CP halfAdder
FL C:/Users/bakialmaci/Desktop/bakialmaci/SCHOOL/DigitalSystems/Laboratory/experiment2/experiment2/halfAdder.vhd 2019/11/19.18:33:25 P.20131013
EN work/halfAdder 1574244694 \
      FL C:/Users/bakialmaci/Desktop/bakialmaci/SCHOOL/DigitalSystems/Laboratory/experiment2/experiment2/halfAdder.vhd \
      PB ieee/std_logic_1164 1381692176
AR work/halfAdder/Behavioral 1574244695 \
      FL C:/Users/bakialmaci/Desktop/bakialmaci/SCHOOL/DigitalSystems/Laboratory/experiment2/experiment2/halfAdder.vhd \
      EN work/halfAdder 1574244694
FL C:/Users/bakialmaci/Desktop/bakialmaci/SCHOOL/DigitalSystems/Laboratory/experiment2/experiment2/multiplier3Bit.vhd 2019/11/20.13:11:20 P.20131013
EN work/multiplier3Bit 1574244698 \
      FL C:/Users/bakialmaci/Desktop/bakialmaci/SCHOOL/DigitalSystems/Laboratory/experiment2/experiment2/multiplier3Bit.vhd \
      PB ieee/std_logic_1164 1381692176
AR work/multiplier3Bit/Behavioral 1574244699 \
      FL C:/Users/bakialmaci/Desktop/bakialmaci/SCHOOL/DigitalSystems/Laboratory/experiment2/experiment2/multiplier3Bit.vhd \
      EN work/multiplier3Bit 1574244698 CP fullAdder
FL C:/Users/bakialmaci/Desktop/bakialmaci/SCHOOL/DigitalSystems/Laboratory/experiment2/experiment2/ThreeBitAdderSubtractor.vhd 2019/11/20.00:47:53 P.20131013
EN work/ThreeBitAdderSubtractor 1574200600 \
      FL C:/Users/bakialmaci/Desktop/bakialmaci/SCHOOL/DigitalSystems/Laboratory/experiment2/experiment2/ThreeBitAdderSubtractor.vhd \
      PB ieee/std_logic_1164 1381692176
AR work/ThreeBitAdderSubtractor/Behavioral 1574200601 \
      FL C:/Users/bakialmaci/Desktop/bakialmaci/SCHOOL/DigitalSystems/Laboratory/experiment2/experiment2/ThreeBitAdderSubtractor.vhd \
      EN work/ThreeBitAdderSubtractor 1574200600 CP fullAdder
FL C:/Users/bakialmaci/Desktop/bakialmaci/SCHOOL/DigitalSystems/Works/experiment2/fullAdder.vhd 2019/11/19.19:41:43 P.20131013
FL C:/Users/bakialmaci/Desktop/bakialmaci/SCHOOL/DigitalSystems/Works/experiment2/halfAdder.vhd 2019/11/19.18:33:25 P.20131013
