AR mux behavioral C:/Users/bakialmaci/Desktop/bakialmaci/SCHOOL/DigitalSystems/Laboratory/experiment3/experiment3/mux.vhd sub00/vhpl05 1575150403
AR three_to_eight_decoder behavioral C:/Users/bakialmaci/Desktop/bakialmaci/SCHOOL/DigitalSystems/Laboratory/experiment3/experiment3/three_to_eight_decoder.vhd sub00/vhpl01 1575150388
EN fulladder NULL C:/Users/bakialmaci/Desktop/bakialmaci/SCHOOL/DigitalSystems/Laboratory/experiment3/experiment3/fullAdder.vhd sub00/vhpl14 1575220289
AR fullsubtractor behavioral C:/Users/bakialmaci/Desktop/bakialmaci/SCHOOL/DigitalSystems/Laboratory/experiment3/experiment3/fullSubtractor.vhd sub00/vhpl03 1575150390
EN bin2bcd NULL C:/Users/bakialmaci/Desktop/bakialmaci/SCHOOL/DigitalSystems/Laboratory/experiment3/experiment3/bin2bcd.vhd sub00/vhpl16 1575220293
EN shifter NULL C:/Users/bakialmaci/Desktop/bakialmaci/SCHOOL/DigitalSystems/Laboratory/experiment3/experiment3/shifter.vhd sub00/vhpl12 1575220291
EN func NULL C:/Users/bakialmaci/Desktop/bakialmaci/SCHOOL/DigitalSystems/Laboratory/experiment3/experiment3/function.vhd sub00/vhpl06 1575150404
AR decodertwo behavioral C:/Users/bakialmaci/Desktop/bakialmaci/SCHOOL/DigitalSystems/Laboratory/experiment3/experiment3/decodertwo.vhd sub00/vhpl10 1575153947
AR bin2bcd behavioral C:/Users/bakialmaci/Desktop/bakialmaci/SCHOOL/DigitalSystems/Laboratory/experiment3/experiment3/bin2bcd.vhd sub00/vhpl17 1575220294
EN three_to_eight_decoder NULL C:/Users/bakialmaci/Desktop/bakialmaci/SCHOOL/DigitalSystems/Laboratory/experiment3/experiment3/three_to_eight_decoder.vhd sub00/vhpl00 1575150387
EN fullsubtractor NULL C:/Users/bakialmaci/Desktop/bakialmaci/SCHOOL/DigitalSystems/Laboratory/experiment3/experiment3/fullSubtractor.vhd sub00/vhpl02 1575150389
EN mux NULL C:/Users/bakialmaci/Desktop/bakialmaci/SCHOOL/DigitalSystems/Laboratory/experiment3/experiment3/mux.vhd sub00/vhpl04 1575150402
AR func behavioral C:/Users/bakialmaci/Desktop/bakialmaci/SCHOOL/DigitalSystems/Laboratory/experiment3/experiment3/function.vhd sub00/vhpl07 1575150405
EN decodertwo NULL C:/Users/bakialmaci/Desktop/bakialmaci/SCHOOL/DigitalSystems/Laboratory/experiment3/experiment3/decodertwo.vhd sub00/vhpl09 1575153946
EN comparator NULL C:/Users/bakialmaci/Desktop/bakialmaci/SCHOOL/DigitalSystems/Laboratory/experiment3/experiment3/comparator.vhd sub00/vhpl08 1575153948
AR shifter behavioral C:/Users/bakialmaci/Desktop/bakialmaci/SCHOOL/DigitalSystems/Laboratory/experiment3/experiment3/shifter.vhd sub00/vhpl13 1575220292
AR comparator behavioral C:/Users/bakialmaci/Desktop/bakialmaci/SCHOOL/DigitalSystems/Laboratory/experiment3/experiment3/comparator.vhd sub00/vhpl11 1575153949
AR fulladder behavioral C:/Users/bakialmaci/Desktop/bakialmaci/SCHOOL/DigitalSystems/Laboratory/experiment3/experiment3/fullAdder.vhd sub00/vhpl15 1575220290
