V3 33
FL C:/Users/bakialmaci/Desktop/bakialmaci/SCHOOL/DigitalSystems/Laboratory/experiment3/experiment3/bin2bcd.vhd 2019/12/01.20:02:39 P.20131013
EN work/bin2bcd 1575220293 \
      FL C:/Users/bakialmaci/Desktop/bakialmaci/SCHOOL/DigitalSystems/Laboratory/experiment3/experiment3/bin2bcd.vhd \
      PB ieee/std_logic_1164 1381692176
AR work/bin2bcd/Behavioral 1575220294 \
      FL C:/Users/bakialmaci/Desktop/bakialmaci/SCHOOL/DigitalSystems/Laboratory/experiment3/experiment3/bin2bcd.vhd \
      EN work/bin2bcd 1575220293 CP shifter
FL C:/Users/bakialmaci/Desktop/bakialmaci/SCHOOL/DigitalSystems/Laboratory/experiment3/experiment3/comparator.vhd 2019/12/01.01:45:42 P.20131013
EN work/comparator 1575153948 \
      FL C:/Users/bakialmaci/Desktop/bakialmaci/SCHOOL/DigitalSystems/Laboratory/experiment3/experiment3/comparator.vhd \
      PB ieee/std_logic_1164 1381692176
AR work/comparator/Behavioral 1575153949 \
      FL C:/Users/bakialmaci/Desktop/bakialmaci/SCHOOL/DigitalSystems/Laboratory/experiment3/experiment3/comparator.vhd \
      EN work/comparator 1575153948 CP decodertwo
FL C:/Users/bakialmaci/Desktop/bakialmaci/SCHOOL/DigitalSystems/Laboratory/experiment3/experiment3/decodertwo.vhd 2019/12/01.01:43:22 P.20131013
EN work/decodertwo 1575153946 \
      FL C:/Users/bakialmaci/Desktop/bakialmaci/SCHOOL/DigitalSystems/Laboratory/experiment3/experiment3/decodertwo.vhd \
      PB ieee/std_logic_1164 1381692176
AR work/decodertwo/Behavioral 1575153947 \
      FL C:/Users/bakialmaci/Desktop/bakialmaci/SCHOOL/DigitalSystems/Laboratory/experiment3/experiment3/decodertwo.vhd \
      EN work/decodertwo 1575153946
FL C:/Users/bakialmaci/Desktop/bakialmaci/SCHOOL/DigitalSystems/Laboratory/experiment3/experiment3/fullAdder.vhd 2019/12/01.03:29:45 P.20131013
EN work/fullAdder 1575220289 \
      FL C:/Users/bakialmaci/Desktop/bakialmaci/SCHOOL/DigitalSystems/Laboratory/experiment3/experiment3/fullAdder.vhd \
      PB ieee/std_logic_1164 1381692176
AR work/fullAdder/Behavioral 1575220290 \
      FL C:/Users/bakialmaci/Desktop/bakialmaci/SCHOOL/DigitalSystems/Laboratory/experiment3/experiment3/fullAdder.vhd \
      EN work/fullAdder 1575220289
FL C:/Users/bakialmaci/Desktop/bakialmaci/SCHOOL/DigitalSystems/Laboratory/experiment3/experiment3/fullSubtractor.vhd 2019/11/24.11:44:46 P.20131013
EN work/fullSubtractor 1575150389 \
      FL C:/Users/bakialmaci/Desktop/bakialmaci/SCHOOL/DigitalSystems/Laboratory/experiment3/experiment3/fullSubtractor.vhd \
      PB ieee/std_logic_1164 1381692176
AR work/fullSubtractor/Behavioral 1575150390 \
      FL C:/Users/bakialmaci/Desktop/bakialmaci/SCHOOL/DigitalSystems/Laboratory/experiment3/experiment3/fullSubtractor.vhd \
      EN work/fullSubtractor 1575150389 CP three_to_eight_decoder
FL C:/Users/bakialmaci/Desktop/bakialmaci/SCHOOL/DigitalSystems/Laboratory/experiment3/experiment3/func.vhd 2019/11/24.16:18:26 P.20131013
FL C:/Users/bakialmaci/Desktop/bakialmaci/SCHOOL/DigitalSystems/Laboratory/experiment3/experiment3/function.vhd 2019/12/01.00:45:23 P.20131013
EN work/func 1575150404 \
      FL C:/Users/bakialmaci/Desktop/bakialmaci/SCHOOL/DigitalSystems/Laboratory/experiment3/experiment3/function.vhd \
      PB ieee/std_logic_1164 1381692176
AR work/func/Behavioral 1575150405 \
      FL C:/Users/bakialmaci/Desktop/bakialmaci/SCHOOL/DigitalSystems/Laboratory/experiment3/experiment3/function.vhd \
      EN work/func 1575150404 CP mux
FL C:/Users/bakialmaci/Desktop/bakialmaci/SCHOOL/DigitalSystems/Laboratory/experiment3/experiment3/mux.vhd 2019/11/24.16:13:06 P.20131013
EN work/mux 1575150402 \
      FL C:/Users/bakialmaci/Desktop/bakialmaci/SCHOOL/DigitalSystems/Laboratory/experiment3/experiment3/mux.vhd \
      PB ieee/std_logic_1164 1381692176
AR work/mux/Behavioral 1575150403 \
      FL C:/Users/bakialmaci/Desktop/bakialmaci/SCHOOL/DigitalSystems/Laboratory/experiment3/experiment3/mux.vhd \
      EN work/mux 1575150402
FL C:/Users/bakialmaci/Desktop/bakialmaci/SCHOOL/DigitalSystems/Laboratory/experiment3/experiment3/shifter.vhd 2019/12/01.19:28:23 P.20131013
EN work/shifter 1575220291 \
      FL C:/Users/bakialmaci/Desktop/bakialmaci/SCHOOL/DigitalSystems/Laboratory/experiment3/experiment3/shifter.vhd \
      PB ieee/std_logic_1164 1381692176
AR work/shifter/Behavioral 1575220292 \
      FL C:/Users/bakialmaci/Desktop/bakialmaci/SCHOOL/DigitalSystems/Laboratory/experiment3/experiment3/shifter.vhd \
      EN work/shifter 1575220291 CP fullAdder
FL C:/Users/bakialmaci/Desktop/bakialmaci/SCHOOL/DigitalSystems/Laboratory/experiment3/experiment3/three_to_eight_decoder.vhd 2019/11/20.16:53:17 P.20131013
EN work/three_to_eight_decoder 1575150387 \
      FL C:/Users/bakialmaci/Desktop/bakialmaci/SCHOOL/DigitalSystems/Laboratory/experiment3/experiment3/three_to_eight_decoder.vhd \
      PB ieee/std_logic_1164 1381692176
AR work/three_to_eight_decoder/Behavioral 1575150388 \
      FL C:/Users/bakialmaci/Desktop/bakialmaci/SCHOOL/DigitalSystems/Laboratory/experiment3/experiment3/three_to_eight_decoder.vhd \
      EN work/three_to_eight_decoder 1575150387
