Release 14.7 - xst P.20131013 (nt64)
Copyright (c) 1995-2013 Xilinx, Inc.  All rights reserved.
--> Parameter TMPDIR set to xst/projnav.tmp


Total REAL time to Xst completion: 0.00 secs
Total CPU time to Xst completion: 0.10 secs
 
--> Parameter xsthdpdir set to xst


Total REAL time to Xst completion: 0.00 secs
Total CPU time to Xst completion: 0.10 secs
 
--> Reading design: multiplier3Bit.prj

TABLE OF CONTENTS
  1) Synthesis Options Summary
  2) HDL Compilation
  3) Design Hierarchy Analysis
  4) HDL Analysis
  5) HDL Synthesis
     5.1) HDL Synthesis Report
  6) Advanced HDL Synthesis
     6.1) Advanced HDL Synthesis Report
  7) Low Level Synthesis
  8) Partition Report
  9) Final Report
	9.1) Device utilization summary
	9.2) Partition Resource Summary
	9.3) TIMING REPORT


=========================================================================
*                      Synthesis Options Summary                        *
=========================================================================
---- Source Parameters
Input File Name                    : "multiplier3Bit.prj"
Input Format                       : mixed
Ignore Synthesis Constraint File   : NO

---- Target Parameters
Output File Name                   : "multiplier3Bit"
Output Format                      : NGC
Target Device                      : xc3s50a-5-tq144

---- Source Options
Top Module Name                    : multiplier3Bit
Automatic FSM Extraction           : YES
FSM Encoding Algorithm             : Auto
Safe Implementation                : No
FSM Style                          : LUT
RAM Extraction                     : Yes
RAM Style                          : Auto
ROM Extraction                     : Yes
Mux Style                          : Auto
Decoder Extraction                 : YES
Priority Encoder Extraction        : Yes
Shift Register Extraction          : YES
Logical Shifter Extraction         : YES
XOR Collapsing                     : YES
ROM Style                          : Auto
Mux Extraction                     : Yes
Resource Sharing                   : YES
Asynchronous To Synchronous        : NO
Multiplier Style                   : Auto
Automatic Register Balancing       : No

---- Target Options
Add IO Buffers                     : YES
Global Maximum Fanout              : 100000
Add Generic Clock Buffer(BUFG)     : 24
Register Duplication               : YES
Slice Packing                      : YES
Optimize Instantiated Primitives   : NO
Use Clock Enable                   : Yes
Use Synchronous Set                : Yes
Use Synchronous Reset              : Yes
Pack IO Registers into IOBs        : Auto
Equivalent register Removal        : YES

---- General Options
Optimization Goal                  : Speed
Optimization Effort                : 1
Keep Hierarchy                     : No
Netlist Hierarchy                  : As_Optimized
RTL Output                         : Yes
Global Optimization                : AllClockNets
Read Cores                         : YES
Write Timing Constraints           : NO
Cross Clock Analysis               : NO
Hierarchy Separator                : /
Bus Delimiter                      : <>
Case Specifier                     : Maintain
Slice Utilization Ratio            : 100
BRAM Utilization Ratio             : 100
Verilog 2001                       : YES
Auto BRAM Packing                  : NO
Slice Utilization Ratio Delta      : 5

=========================================================================


=========================================================================
*                          HDL Compilation                              *
=========================================================================
Compiling vhdl file "C:/Users/bakialmaci/Desktop/bakialmaci/SCHOOL/DigitalSystems/Laboratory/experiment2/experiment2/halfAdder.vhd" in Library work.
Architecture behavioral of Entity halfadder is up to date.
Compiling vhdl file "C:/Users/bakialmaci/Desktop/bakialmaci/SCHOOL/DigitalSystems/Laboratory/experiment2/experiment2/fullAdder.vhd" in Library work.
Architecture behavioral of Entity fulladder is up to date.
Compiling vhdl file "C:/Users/bakialmaci/Desktop/bakialmaci/SCHOOL/DigitalSystems/Laboratory/experiment2/experiment2/multiplier3Bit.vhd" in Library work.
Entity <multiplier3bit> compiled.
Entity <multiplier3bit> (Architecture <behavioral>) compiled.

=========================================================================
*                     Design Hierarchy Analysis                         *
=========================================================================
Analyzing hierarchy for entity <multiplier3Bit> in library <work> (architecture <behavioral>).

Analyzing hierarchy for entity <fullAdder> in library <work> (architecture <behavioral>).

Analyzing hierarchy for entity <halfAdder> in library <work> (architecture <behavioral>).


=========================================================================
*                            HDL Analysis                               *
=========================================================================
Analyzing Entity <multiplier3Bit> in library <work> (Architecture <behavioral>).
Entity <multiplier3Bit> analyzed. Unit <multiplier3Bit> generated.

Analyzing Entity <fullAdder> in library <work> (Architecture <behavioral>).
Entity <fullAdder> analyzed. Unit <fullAdder> generated.

Analyzing Entity <halfAdder> in library <work> (Architecture <behavioral>).
Entity <halfAdder> analyzed. Unit <halfAdder> generated.


=========================================================================
*                           HDL Synthesis                               *
=========================================================================

Performing bidirectional port resolution...

Synthesizing Unit <halfAdder>.
    Related source file is "C:/Users/bakialmaci/Desktop/bakialmaci/SCHOOL/DigitalSystems/Laboratory/experiment2/experiment2/halfAdder.vhd".
    Found 1-bit xor2 for signal <sum>.
Unit <halfAdder> synthesized.


Synthesizing Unit <fullAdder>.
    Related source file is "C:/Users/bakialmaci/Desktop/bakialmaci/SCHOOL/DigitalSystems/Laboratory/experiment2/experiment2/fullAdder.vhd".
Unit <fullAdder> synthesized.


Synthesizing Unit <multiplier3Bit>.
    Related source file is "C:/Users/bakialmaci/Desktop/bakialmaci/SCHOOL/DigitalSystems/Laboratory/experiment2/experiment2/multiplier3Bit.vhd".
Unit <multiplier3Bit> synthesized.


=========================================================================
HDL Synthesis Report

Macro Statistics
# Xors                                                 : 6
 1-bit xor2                                            : 6

=========================================================================

=========================================================================
*                       Advanced HDL Synthesis                          *
=========================================================================


=========================================================================
Advanced HDL Synthesis Report

Macro Statistics
# Xors                                                 : 6
 1-bit xor2                                            : 6

=========================================================================

=========================================================================
*                         Low Level Synthesis                           *
=========================================================================

Optimizing unit <multiplier3Bit> ...

Mapping all equations...
Building and optimizing final netlist ...
Found area constraint ratio of 100 (+ 5) on block multiplier3Bit, actual ratio is 0.

Final Macro Processing ...

=========================================================================
Final Register Report

Found no macro
=========================================================================

=========================================================================
*                           Partition Report                            *
=========================================================================

Partition Implementation Status
-------------------------------

  No Partitions were found in this design.

-------------------------------

=========================================================================
*                            Final Report                               *
=========================================================================
Final Results
RTL Top Level Output File Name     : multiplier3Bit.ngr
Top Level Output File Name         : multiplier3Bit
Output Format                      : NGC
Optimization Goal                  : Speed
Keep Hierarchy                     : No

Design Statistics
# IOs                              : 10

Cell Usage :
# BELS                             : 9
#      GND                         : 1
#      LUT2                        : 2
#      LUT4                        : 4
#      MUXF5                       : 2
# IO Buffers                       : 10
#      IBUF                        : 5
#      OBUF                        : 5
=========================================================================

Device utilization summary:
---------------------------

Selected Device : 3s50atq144-5 

 Number of Slices:                        3  out of    704     0%  
 Number of 4 input LUTs:                  6  out of   1408     0%  
 Number of IOs:                          10
 Number of bonded IOBs:                  10  out of    108     9%  

---------------------------
Partition Resource Summary:
---------------------------

  No Partitions were found in this design.

---------------------------


=========================================================================
TIMING REPORT

NOTE: THESE TIMING NUMBERS ARE ONLY A SYNTHESIS ESTIMATE.
      FOR ACCURATE TIMING INFORMATION PLEASE REFER TO THE TRACE REPORT
      GENERATED AFTER PLACE-and-ROUTE.

Clock Information:
------------------
No clock signals found in this design

Asynchronous Control Signals Information:
----------------------------------------
No asynchronous control signals found in this design

Timing Summary:
---------------
Speed Grade: -5

   Minimum period: No path found
   Minimum input arrival time before clock: No path found
   Maximum output required time after clock: No path found
   Maximum combinational path delay: 7.044ns

Timing Detail:
--------------
All values displayed in nanoseconds (ns)

=========================================================================
Timing constraint: Default path analysis
  Total number of paths / destination ports: 22 / 5
-------------------------------------------------------------------------
Delay:               7.044ns (Levels of Logic = 4)
  Source:            b<0> (PAD)
  Destination:       result<3> (PAD)

  Data Path: b<0> to result<3>
                                Gate     Net
    Cell:in->out      fanout   Delay   Delay  Logical Name (Net Name)
    ----------------------------------------  ------------
     IBUF:I->O             6   0.824   0.677  b_0_IBUF (b_0_IBUF)
     LUT4:I0->O            1   0.561   0.000  fullAdder3/halfAdder1/Mxor_sum_Result1 (fullAdder3/halfAdder1/Mxor_sum_Result)
     MUXF5:I1->O           1   0.229   0.357  fullAdder3/halfAdder1/Mxor_sum_Result_f5 (result_3_OBUF)
     OBUF:I->O                 4.396          result_3_OBUF (result<3>)
    ----------------------------------------
    Total                      7.044ns (6.010ns logic, 1.034ns route)
                                       (85.3% logic, 14.7% route)

=========================================================================


Total REAL time to Xst completion: 4.00 secs
Total CPU time to Xst completion: 4.18 secs
 
--> 

Total memory usage is 4521796 kilobytes

Number of errors   :    0 (   0 filtered)
Number of warnings :    0 (   0 filtered)
Number of infos    :    0 (   0 filtered)

