AR comb_logic behavioral C:/Users/bakialmaci/Desktop/bakialmaci/SCHOOL/DigitalSystems/Laboratory/exp1/experiment1/comb_logic.vhd sub00/vhpl03 1572728412
AR cct behavioral C:/Users/bakialmaci/Desktop/bakialmaci/SCHOOL/DigitalSystems/Works/experiment1/cct.vhd sub00/vhpl01 1572727113
EN comb_logic NULL C:/Users/bakialmaci/Desktop/bakialmaci/SCHOOL/DigitalSystems/Laboratory/exp1/experiment1/comb_logic.vhd sub00/vhpl02 1572728411
EN cct NULL C:/Users/bakialmaci/Desktop/bakialmaci/SCHOOL/DigitalSystems/Works/experiment1/cct.vhd sub00/vhpl00 1572727112
