V3 7
FL C:/Users/bakialmaci/Desktop/bakialmaci/SCHOOL/DigitalSystems/Laboratory/exp1/experiment1/comb_logic.vhd 2019/11/02.23:38:27 P.20131013
EN work/comb_logic 1572728411 \
      FL C:/Users/bakialmaci/Desktop/bakialmaci/SCHOOL/DigitalSystems/Laboratory/exp1/experiment1/comb_logic.vhd \
      PB ieee/std_logic_1164 1381692176
AR work/comb_logic/Behavioral 1572728412 \
      FL C:/Users/bakialmaci/Desktop/bakialmaci/SCHOOL/DigitalSystems/Laboratory/exp1/experiment1/comb_logic.vhd \
      EN work/comb_logic 1572728411
FL C:/Users/bakialmaci/Desktop/bakialmaci/SCHOOL/DigitalSystems/Works/experiment1/cct.vhd 2019/11/02.22:29:33 P.20131013
EN work/cct 1572727112 \
      FL C:/Users/bakialmaci/Desktop/bakialmaci/SCHOOL/DigitalSystems/Works/experiment1/cct.vhd \
      PB ieee/std_logic_1164 1381692176
AR work/cct/Behavioral 1572727113 \
      FL C:/Users/bakialmaci/Desktop/bakialmaci/SCHOOL/DigitalSystems/Works/experiment1/cct.vhd \
      EN work/cct 1572727112
FL C:/Users/bakialmaci/Desktop/bakialmaci/SCHOOL/DigitalSystems/Works/experiment1/comb_logic.vhd 2019/11/02.23:38:27 P.20131013
